<?xml version="1.0" encoding="UTF-8"?>
<testsuites name="jest tests" tests="11" failures="0" errors="0" time="20.973">
  <testsuite name="TopBannerComponent" errors="0" failures="0" skipped="0" timestamp="2021-01-07T05:28:27" time="4.518" tests="1">
    <testcase classname="TopBannerComponent should create" name="TopBannerComponent should create" time="0.147">
    </testcase>
  </testsuite>
  <testsuite name="HomeComponent" errors="0" failures="0" skipped="0" timestamp="2021-01-07T05:28:27" time="4.676" tests="1">
    <testcase classname="HomeComponent should create" name="HomeComponent should create" time="0.133">
    </testcase>
  </testsuite>
  <testsuite name="HeaderComponent" errors="0" failures="0" skipped="0" timestamp="2021-01-07T05:28:27" time="4.899" tests="1">
    <testcase classname="HeaderComponent should create" name="HeaderComponent should create" time="0.282">
    </testcase>
  </testsuite>
  <testsuite name="ScrollableLabelsComponent" errors="0" failures="0" skipped="0" timestamp="2021-01-07T05:28:32" time="1.152" tests="1">
    <testcase classname="ScrollableLabelsComponent should create" name="ScrollableLabelsComponent should create" time="0.03">
    </testcase>
  </testsuite>
  <testsuite name="UpdatesComponent" errors="0" failures="0" skipped="0" timestamp="2021-01-07T05:28:32" time="0.713" tests="1">
    <testcase classname="UpdatesComponent should create" name="UpdatesComponent should create" time="0.045">
    </testcase>
  </testsuite>
  <testsuite name="DiscographyComponent" errors="0" failures="0" skipped="0" timestamp="2021-01-07T05:28:32" time="1.076" tests="1">
    <testcase classname="DiscographyComponent should create" name="DiscographyComponent should create" time="0.042">
    </testcase>
  </testsuite>
  <testsuite name="FooterComponent" errors="0" failures="0" skipped="0" timestamp="2021-01-07T05:28:33" time="0.754" tests="1">
    <testcase classname="FooterComponent should create" name="FooterComponent should create" time="0.039">
    </testcase>
  </testsuite>
  <testsuite name="MediaComponent" errors="0" failures="0" skipped="0" timestamp="2021-01-07T05:28:33" time="0.643" tests="1">
    <testcase classname="MediaComponent should create" name="MediaComponent should create" time="0.045">
    </testcase>
  </testsuite>
  <testsuite name="Storyshots" errors="0" failures="0" skipped="0" timestamp="2021-01-07T05:28:33" time="12.507" tests="3">
    <testcase classname="Storyshots Header Default" name="Storyshots Header Default" time="0.156">
    </testcase>
    <testcase classname="Storyshots Header Menu Closed" name="Storyshots Header Menu Closed" time="0.082">
    </testcase>
    <testcase classname="Storyshots Scrollable Labels Default" name="Storyshots Scrollable Labels Default" time="0.036">
    </testcase>
  </testsuite>
</testsuites>